2026-07-27 23:06:19,586 | INFO | loader | PDF Loaded 2 pages from data/gen ai resume.pdf
2026-07-27 23:06:19,587 | INFO | chunker | Created 1 chunks
2026-07-27 23:06:19,587 | INFO | chunker | Created 2 chunks
2026-07-27 23:06:19,587 | INFO | chunker | Created 3 chunks
2026-07-27 23:06:19,587 | INFO | chunker | Created 4 chunks
2026-07-27 23:06:19,587 | INFO | chunker | Created 5 chunks
2026-07-27 23:06:19,587 | INFO | chunker | Created 6 chunks
2026-07-27 23:06:19,587 | INFO | chunker | Created 7 chunks
2026-07-27 23:06:19,587 | INFO | chunker | Created 8 chunks
2026-07-27 23:06:19,666 | INFO | model | No device provided, using mps
2026-07-27 23:06:20,327 | INFO | _client | HTTP Request: HEAD https://huggingface.co/sentence-transformers/all-MiniLM-L6-v2/resolve/main/modules.json "HTTP/1.1 307 Temporary Redirect"
2026-07-27 23:06:20,328 | WARNING | _http | Warning: You are sending unauthenticated requests to the HF Hub. Please set a HF_TOKEN to enable higher rate limits and faster downloads.
2026-07-27 23:06:20,409 | INFO | _client | HTTP Request: HEAD https://huggingface.co/api/resolve-cache/models/sentence-transformers/all-MiniLM-L6-v2/1110a243fdf4706b3f48f1d95db1a4f5529b4d41/modules.json "HTTP/1.1 200 OK"
2026-07-27 23:06:20,939 | INFO | _client | HTTP Request: HEAD https://huggingface.co/sentence-transformers/all-MiniLM-L6-v2/resolve/main/config_sentence_transformers.json "HTTP/1.1 307 Temporary Redirect"
2026-07-27 23:06:21,011 | INFO | _client | HTTP Request: HEAD https://huggingface.co/api/resolve-cache/models/sentence-transformers/all-MiniLM-L6-v2/1110a243fdf4706b3f48f1d95db1a4f5529b4d41/config_sentence_transformers.json "HTTP/1.1 200 OK"
2026-07-27 23:06:21,015 | INFO | model | Loading SentenceTransformer model from sentence-transformers/all-MiniLM-L6-v2.
2026-07-27 23:06:21,158 | INFO | _client | HTTP Request: GET https://7a2e277f-2faf-4911-8a54-e503b38c233e.eu-west-2-0.aws.cloud.qdrant.io:6333 "HTTP/1.1 200 OK"
2026-07-27 23:06:21,313 | INFO | _client | HTTP Request: HEAD https://huggingface.co/sentence-transformers/all-MiniLM-L6-v2/resolve/main/config_sentence_transformers.json "HTTP/1.1 307 Temporary Redirect"
2026-07-27 23:06:21,374 | INFO | _client | HTTP Request: HEAD https://huggingface.co/api/resolve-cache/models/sentence-transformers/all-MiniLM-L6-v2/1110a243fdf4706b3f48f1d95db1a4f5529b4d41/config_sentence_transformers.json "HTTP/1.1 200 OK"
2026-07-27 23:06:21,792 | INFO | _client | HTTP Request: HEAD https://huggingface.co/sentence-transformers/all-MiniLM-L6-v2/resolve/main/README.md "HTTP/1.1 307 Temporary Redirect"
2026-07-27 23:06:21,857 | INFO | _client | HTTP Request: HEAD https://huggingface.co/api/resolve-cache/models/sentence-transformers/all-MiniLM-L6-v2/1110a243fdf4706b3f48f1d95db1a4f5529b4d41/README.md "HTTP/1.1 200 OK"
2026-07-27 23:06:22,148 | INFO | _client | HTTP Request: HEAD https://huggingface.co/sentence-transformers/all-MiniLM-L6-v2/resolve/main/modules.json "HTTP/1.1 307 Temporary Redirect"
2026-07-27 23:06:22,210 | INFO | _client | HTTP Request: HEAD https://huggingface.co/api/resolve-cache/models/sentence-transformers/all-MiniLM-L6-v2/1110a243fdf4706b3f48f1d95db1a4f5529b4d41/modules.json "HTTP/1.1 200 OK"
2026-07-27 23:06:22,680 | INFO | _client | HTTP Request: HEAD https://huggingface.co/sentence-transformers/all-MiniLM-L6-v2/resolve/main/sentence_bert_config.json "HTTP/1.1 307 Temporary Redirect"
2026-07-27 23:06:22,724 | INFO | _client | HTTP Request: HEAD https://huggingface.co/api/resolve-cache/models/sentence-transformers/all-MiniLM-L6-v2/1110a243fdf4706b3f48f1d95db1a4f5529b4d41/sentence_bert_config.json "HTTP/1.1 200 OK"
2026-07-27 23:06:22,984 | INFO | _client | HTTP Request: HEAD https://huggingface.co/sentence-transformers/all-MiniLM-L6-v2/resolve/main/adapter_config.json "HTTP/1.1 404 Not Found"
2026-07-27 23:06:23,295 | INFO | _client | HTTP Request: HEAD https://huggingface.co/sentence-transformers/all-MiniLM-L6-v2/resolve/main/config.json "HTTP/1.1 307 Temporary Redirect"
2026-07-27 23:06:23,369 | INFO | _client | HTTP Request: HEAD https://huggingface.co/api/resolve-cache/models/sentence-transformers/all-MiniLM-L6-v2/1110a243fdf4706b3f48f1d95db1a4f5529b4d41/config.json "HTTP/1.1 200 OK"
2026-07-27 23:06:23,910 | INFO | _client | HTTP Request: HEAD https://huggingface.co/sentence-transformers/all-MiniLM-L6-v2/resolve/main/processor_config.json "HTTP/1.1 404 Not Found"
2026-07-27 23:06:24,216 | INFO | _client | HTTP Request: HEAD https://huggingface.co/sentence-transformers/all-MiniLM-L6-v2/resolve/main/preprocessor_config.json "HTTP/1.1 404 Not Found"
2026-07-27 23:06:24,524 | INFO | _client | HTTP Request: HEAD https://huggingface.co/sentence-transformers/all-MiniLM-L6-v2/resolve/main/video_preprocessor_config.json "HTTP/1.1 404 Not Found"
2026-07-27 23:06:24,932 | INFO | _client | HTTP Request: HEAD https://huggingface.co/sentence-transformers/all-MiniLM-L6-v2/resolve/main/preprocessor_config.json "HTTP/1.1 404 Not Found"
2026-07-27 23:06:25,343 | INFO | _client | HTTP Request: HEAD https://huggingface.co/sentence-transformers/all-MiniLM-L6-v2/resolve/main/tokenizer_config.json "HTTP/1.1 307 Temporary Redirect"
2026-07-27 23:06:25,412 | INFO | _client | HTTP Request: HEAD https://huggingface.co/api/resolve-cache/models/sentence-transformers/all-MiniLM-L6-v2/1110a243fdf4706b3f48f1d95db1a4f5529b4d41/tokenizer_config.json "HTTP/1.1 200 OK"
2026-07-27 23:06:25,855 | INFO | _client | HTTP Request: HEAD https://huggingface.co/sentence-transformers/all-MiniLM-L6-v2/resolve/main/config.json "HTTP/1.1 307 Temporary Redirect"
2026-07-27 23:06:25,929 | INFO | _client | HTTP Request: HEAD https://huggingface.co/api/resolve-cache/models/sentence-transformers/all-MiniLM-L6-v2/1110a243fdf4706b3f48f1d95db1a4f5529b4d41/config.json "HTTP/1.1 200 OK"
2026-07-27 23:06:26,367 | INFO | _client | HTTP Request: HEAD https://huggingface.co/sentence-transformers/all-MiniLM-L6-v2/resolve/main/config.json "HTTP/1.1 307 Temporary Redirect"
2026-07-27 23:06:26,409 | INFO | _client | HTTP Request: HEAD https://huggingface.co/api/resolve-cache/models/sentence-transformers/all-MiniLM-L6-v2/1110a243fdf4706b3f48f1d95db1a4f5529b4d41/config.json "HTTP/1.1 200 OK"
2026-07-27 23:06:26,777 | INFO | _client | HTTP Request: HEAD https://huggingface.co/sentence-transformers/all-MiniLM-L6-v2/resolve/main/tokenizer_config.json "HTTP/1.1 307 Temporary Redirect"
2026-07-27 23:06:26,849 | INFO | _client | HTTP Request: HEAD https://huggingface.co/api/resolve-cache/models/sentence-transformers/all-MiniLM-L6-v2/1110a243fdf4706b3f48f1d95db1a4f5529b4d41/tokenizer_config.json "HTTP/1.1 200 OK"
2026-07-27 23:06:27,288 | INFO | _client | HTTP Request: GET https://huggingface.co/api/models/sentence-transformers/all-MiniLM-L6-v2/tree/main/additional_chat_templates?recursive=false&expand=false "HTTP/1.1 404 Not Found"
2026-07-27 23:06:27,800 | INFO | _client | HTTP Request: GET https://huggingface.co/api/models/sentence-transformers/all-MiniLM-L6-v2/tree/main?recursive=true&expand=false "HTTP/1.1 200 OK"
2026-07-27 23:06:28,210 | INFO | _client | HTTP Request: HEAD https://huggingface.co/sentence-transformers/all-MiniLM-L6-v2/resolve/main/1_Pooling/config.json "HTTP/1.1 307 Temporary Redirect"
2026-07-27 23:06:28,284 | INFO | _client | HTTP Request: HEAD https://huggingface.co/api/resolve-cache/models/sentence-transformers/all-MiniLM-L6-v2/1110a243fdf4706b3f48f1d95db1a4f5529b4d41/1_Pooling%2Fconfig.json "HTTP/1.1 200 OK"
2026-07-27 23:06:28,722 | INFO | _client | HTTP Request: GET https://huggingface.co/api/models/sentence-transformers/all-MiniLM-L6-v2 "HTTP/1.1 200 OK"
2026-07-27 23:06:29,913 | INFO | _client | HTTP Request: GET https://7a2e277f-2faf-4911-8a54-e503b38c233e.eu-west-2-0.aws.cloud.qdrant.io:6333/collections "HTTP/1.1 200 OK"
2026-07-27 23:06:29,918 | INFO | qdrant_service | Using existing collection: Joblens
2026-07-27 23:06:30,170 | INFO | _client | HTTP Request: PUT https://7a2e277f-2faf-4911-8a54-e503b38c233e.eu-west-2-0.aws.cloud.qdrant.io:6333/collections/Joblens/index?wait=true "HTTP/1.1 200 OK"
2026-07-27 23:06:30,433 | INFO | _client | HTTP Request: PUT https://7a2e277f-2faf-4911-8a54-e503b38c233e.eu-west-2-0.aws.cloud.qdrant.io:6333/collections/Joblens/index?wait=true "HTTP/1.1 200 OK"
2026-07-27 23:06:30,682 | INFO | _client | HTTP Request: PUT https://7a2e277f-2faf-4911-8a54-e503b38c233e.eu-west-2-0.aws.cloud.qdrant.io:6333/collections/Joblens/index?wait=true "HTTP/1.1 200 OK"
2026-07-27 23:06:30,975 | INFO | _client | HTTP Request: PUT https://7a2e277f-2faf-4911-8a54-e503b38c233e.eu-west-2-0.aws.cloud.qdrant.io:6333/collections/Joblens/index?wait=true "HTTP/1.1 200 OK"
2026-07-27 23:06:31,152 | INFO | _client | HTTP Request: GET https://7a2e277f-2faf-4911-8a54-e503b38c233e.eu-west-2-0.aws.cloud.qdrant.io:6333/collections/Joblens "HTTP/1.1 200 OK"
2026-07-27 23:11:57,828 | INFO | loader | PDF Loaded 2 pages from data/gen ai resume.pdf
2026-07-27 23:11:57,828 | INFO | chunker | Created 1 chunks
2026-07-27 23:11:57,828 | INFO | chunker | Created 2 chunks
2026-07-27 23:11:57,828 | INFO | chunker | Created 3 chunks
2026-07-27 23:11:57,828 | INFO | chunker | Created 4 chunks
2026-07-27 23:11:57,828 | INFO | chunker | Created 5 chunks
2026-07-27 23:11:57,828 | INFO | chunker | Created 6 chunks
2026-07-27 23:11:57,828 | INFO | chunker | Created 7 chunks
2026-07-27 23:11:57,828 | INFO | chunker | Created 8 chunks
2026-07-27 23:11:57,887 | INFO | model | No device provided, using mps
2026-07-27 23:11:58,471 | INFO | _client | HTTP Request: HEAD https://huggingface.co/BAAI/bge-base-en-v1.5/resolve/main/modules.json "HTTP/1.1 307 Temporary Redirect"
2026-07-27 23:11:58,473 | WARNING | _http | Warning: You are sending unauthenticated requests to the HF Hub. Please set a HF_TOKEN to enable higher rate limits and faster downloads.
2026-07-27 23:11:58,520 | INFO | _client | HTTP Request: HEAD https://huggingface.co/api/resolve-cache/models/BAAI/bge-base-en-v1.5/a5beb1e3e68b9ab74eb54cfd186867f64f240e1a/modules.json "HTTP/1.1 200 OK"
2026-07-27 23:11:58,581 | INFO | _client | HTTP Request: GET https://huggingface.co/api/resolve-cache/models/BAAI/bge-base-en-v1.5/a5beb1e3e68b9ab74eb54cfd186867f64f240e1a/modules.json "HTTP/1.1 200 OK"
2026-07-27 23:11:58,867 | INFO | _client | HTTP Request: HEAD https://huggingface.co/BAAI/bge-base-en-v1.5/resolve/main/config_sentence_transformers.json "HTTP/1.1 307 Temporary Redirect"
2026-07-27 23:11:58,912 | INFO | _client | HTTP Request: HEAD https://huggingface.co/api/resolve-cache/models/BAAI/bge-base-en-v1.5/a5beb1e3e68b9ab74eb54cfd186867f64f240e1a/config_sentence_transformers.json "HTTP/1.1 200 OK"
2026-07-27 23:11:58,956 | INFO | _client | HTTP Request: GET https://huggingface.co/api/resolve-cache/models/BAAI/bge-base-en-v1.5/a5beb1e3e68b9ab74eb54cfd186867f64f240e1a/config_sentence_transformers.json "HTTP/1.1 200 OK"
2026-07-27 23:11:58,957 | INFO | model | Loading SentenceTransformer model from BAAI/bge-base-en-v1.5.
2026-07-27 23:11:59,058 | INFO | _client | HTTP Request: GET https://7a2e277f-2faf-4911-8a54-e503b38c233e.eu-west-2-0.aws.cloud.qdrant.io:6333 "HTTP/1.1 200 OK"
2026-07-27 23:11:59,226 | INFO | _client | HTTP Request: HEAD https://huggingface.co/BAAI/bge-base-en-v1.5/resolve/main/config_sentence_transformers.json "HTTP/1.1 307 Temporary Redirect"
2026-07-27 23:11:59,278 | INFO | _client | HTTP Request: HEAD https://huggingface.co/api/resolve-cache/models/BAAI/bge-base-en-v1.5/a5beb1e3e68b9ab74eb54cfd186867f64f240e1a/config_sentence_transformers.json "HTTP/1.1 200 OK"
2026-07-27 23:11:59,770 | INFO | _client | HTTP Request: HEAD https://huggingface.co/BAAI/bge-base-en-v1.5/resolve/main/README.md "HTTP/1.1 307 Temporary Redirect"
2026-07-27 23:11:59,838 | INFO | _client | HTTP Request: HEAD https://huggingface.co/api/resolve-cache/models/BAAI/bge-base-en-v1.5/a5beb1e3e68b9ab74eb54cfd186867f64f240e1a/README.md "HTTP/1.1 200 OK"
2026-07-27 23:11:59,917 | INFO | _client | HTTP Request: GET https://huggingface.co/api/resolve-cache/models/BAAI/bge-base-en-v1.5/a5beb1e3e68b9ab74eb54cfd186867f64f240e1a/README.md "HTTP/1.1 200 OK"
2026-07-27 23:12:00,383 | INFO | _client | HTTP Request: HEAD https://huggingface.co/BAAI/bge-base-en-v1.5/resolve/main/modules.json "HTTP/1.1 307 Temporary Redirect"
2026-07-27 23:12:00,442 | INFO | _client | HTTP Request: HEAD https://huggingface.co/api/resolve-cache/models/BAAI/bge-base-en-v1.5/a5beb1e3e68b9ab74eb54cfd186867f64f240e1a/modules.json "HTTP/1.1 200 OK"
2026-07-27 23:12:00,894 | INFO | _client | HTTP Request: HEAD https://huggingface.co/BAAI/bge-base-en-v1.5/resolve/main/sentence_bert_config.json "HTTP/1.1 307 Temporary Redirect"
2026-07-27 23:12:00,939 | INFO | _client | HTTP Request: HEAD https://huggingface.co/api/resolve-cache/models/BAAI/bge-base-en-v1.5/a5beb1e3e68b9ab74eb54cfd186867f64f240e1a/sentence_bert_config.json "HTTP/1.1 200 OK"
2026-07-27 23:12:00,997 | INFO | _client | HTTP Request: GET https://huggingface.co/api/resolve-cache/models/BAAI/bge-base-en-v1.5/a5beb1e3e68b9ab74eb54cfd186867f64f240e1a/sentence_bert_config.json "HTTP/1.1 200 OK"
2026-07-27 23:12:01,292 | INFO | _client | HTTP Request: HEAD https://huggingface.co/BAAI/bge-base-en-v1.5/resolve/main/adapter_config.json "HTTP/1.1 404 Not Found"
2026-07-27 23:12:01,566 | INFO | _client | HTTP Request: HEAD https://huggingface.co/BAAI/bge-base-en-v1.5/resolve/main/config.json "HTTP/1.1 307 Temporary Redirect"
2026-07-27 23:12:01,631 | INFO | _client | HTTP Request: HEAD https://huggingface.co/api/resolve-cache/models/BAAI/bge-base-en-v1.5/a5beb1e3e68b9ab74eb54cfd186867f64f240e1a/config.json "HTTP/1.1 200 OK"
2026-07-27 23:12:01,682 | INFO | _client | HTTP Request: GET https://huggingface.co/api/resolve-cache/models/BAAI/bge-base-en-v1.5/a5beb1e3e68b9ab74eb54cfd186867f64f240e1a/config.json "HTTP/1.1 200 OK"
2026-07-27 23:12:02,106 | INFO | _client | HTTP Request: HEAD https://huggingface.co/BAAI/bge-base-en-v1.5/resolve/main/model.safetensors "HTTP/1.1 302 Found"
2026-07-27 23:12:02,580 | INFO | _client | HTTP Request: GET https://huggingface.co/api/models/BAAI/bge-base-en-v1.5/xet-read-token/a5beb1e3e68b9ab74eb54cfd186867f64f240e1a "HTTP/1.1 200 OK"
2026-07-27 23:12:33,547 | INFO | _client | HTTP Request: HEAD https://huggingface.co/BAAI/bge-base-en-v1.5/resolve/main/processor_config.json "HTTP/1.1 404 Not Found"
2026-07-27 23:12:33,943 | INFO | _client | HTTP Request: HEAD https://huggingface.co/BAAI/bge-base-en-v1.5/resolve/main/preprocessor_config.json "HTTP/1.1 404 Not Found"
2026-07-27 23:12:34,219 | INFO | _client | HTTP Request: HEAD https://huggingface.co/BAAI/bge-base-en-v1.5/resolve/main/video_preprocessor_config.json "HTTP/1.1 404 Not Found"
2026-07-27 23:12:34,661 | INFO | _client | HTTP Request: HEAD https://huggingface.co/BAAI/bge-base-en-v1.5/resolve/main/preprocessor_config.json "HTTP/1.1 404 Not Found"
2026-07-27 23:12:35,070 | INFO | _client | HTTP Request: HEAD https://huggingface.co/BAAI/bge-base-en-v1.5/resolve/main/tokenizer_config.json "HTTP/1.1 307 Temporary Redirect"
2026-07-27 23:12:35,131 | INFO | _client | HTTP Request: HEAD https://huggingface.co/api/resolve-cache/models/BAAI/bge-base-en-v1.5/a5beb1e3e68b9ab74eb54cfd186867f64f240e1a/tokenizer_config.json "HTTP/1.1 200 OK"
2026-07-27 23:12:35,205 | INFO | _client | HTTP Request: GET https://huggingface.co/api/resolve-cache/models/BAAI/bge-base-en-v1.5/a5beb1e3e68b9ab74eb54cfd186867f64f240e1a/tokenizer_config.json "HTTP/1.1 200 OK"
2026-07-27 23:12:35,486 | INFO | _client | HTTP Request: HEAD https://huggingface.co/BAAI/bge-base-en-v1.5/resolve/main/config.json "HTTP/1.1 307 Temporary Redirect"
2026-07-27 23:12:35,548 | INFO | _client | HTTP Request: HEAD https://huggingface.co/api/resolve-cache/models/BAAI/bge-base-en-v1.5/a5beb1e3e68b9ab74eb54cfd186867f64f240e1a/config.json "HTTP/1.1 200 OK"
2026-07-27 23:12:35,833 | INFO | _client | HTTP Request: HEAD https://huggingface.co/BAAI/bge-base-en-v1.5/resolve/main/config.json "HTTP/1.1 307 Temporary Redirect"
2026-07-27 23:12:35,883 | INFO | _client | HTTP Request: HEAD https://huggingface.co/api/resolve-cache/models/BAAI/bge-base-en-v1.5/a5beb1e3e68b9ab74eb54cfd186867f64f240e1a/config.json "HTTP/1.1 200 OK"
2026-07-27 23:12:36,138 | INFO | _client | HTTP Request: HEAD https://huggingface.co/BAAI/bge-base-en-v1.5/resolve/main/tokenizer_config.json "HTTP/1.1 307 Temporary Redirect"
2026-07-27 23:12:36,201 | INFO | _client | HTTP Request: HEAD https://huggingface.co/api/resolve-cache/models/BAAI/bge-base-en-v1.5/a5beb1e3e68b9ab74eb54cfd186867f64f240e1a/tokenizer_config.json "HTTP/1.1 200 OK"
2026-07-27 23:12:36,504 | INFO | _client | HTTP Request: GET https://huggingface.co/api/models/BAAI/bge-base-en-v1.5/tree/main/additional_chat_templates?recursive=false&expand=false "HTTP/1.1 404 Not Found"
2026-07-27 23:12:36,811 | INFO | _client | HTTP Request: GET https://huggingface.co/api/models/BAAI/bge-base-en-v1.5/tree/main?recursive=true&expand=false "HTTP/1.1 200 OK"
2026-07-27 23:12:37,220 | INFO | _client | HTTP Request: HEAD https://huggingface.co/BAAI/bge-base-en-v1.5/resolve/main/vocab.txt "HTTP/1.1 307 Temporary Redirect"
2026-07-27 23:12:37,262 | INFO | _client | HTTP Request: HEAD https://huggingface.co/api/resolve-cache/models/BAAI/bge-base-en-v1.5/a5beb1e3e68b9ab74eb54cfd186867f64f240e1a/vocab.txt "HTTP/1.1 200 OK"
2026-07-27 23:12:37,331 | INFO | _client | HTTP Request: GET https://huggingface.co/api/resolve-cache/models/BAAI/bge-base-en-v1.5/a5beb1e3e68b9ab74eb54cfd186867f64f240e1a/vocab.txt "HTTP/1.1 200 OK"
2026-07-27 23:12:37,835 | INFO | _client | HTTP Request: HEAD https://huggingface.co/BAAI/bge-base-en-v1.5/resolve/main/tokenizer.json "HTTP/1.1 307 Temporary Redirect"
2026-07-27 23:12:37,893 | INFO | _client | HTTP Request: HEAD https://huggingface.co/api/resolve-cache/models/BAAI/bge-base-en-v1.5/a5beb1e3e68b9ab74eb54cfd186867f64f240e1a/tokenizer.json "HTTP/1.1 200 OK"
2026-07-27 23:12:37,976 | INFO | _client | HTTP Request: GET https://huggingface.co/api/resolve-cache/models/BAAI/bge-base-en-v1.5/a5beb1e3e68b9ab74eb54cfd186867f64f240e1a/tokenizer.json "HTTP/1.1 200 OK"
2026-07-27 23:12:38,449 | INFO | _client | HTTP Request: HEAD https://huggingface.co/BAAI/bge-base-en-v1.5/resolve/main/added_tokens.json "HTTP/1.1 404 Not Found"
2026-07-27 23:12:38,744 | INFO | _client | HTTP Request: HEAD https://huggingface.co/BAAI/bge-base-en-v1.5/resolve/main/special_tokens_map.json "HTTP/1.1 307 Temporary Redirect"
2026-07-27 23:12:38,804 | INFO | _client | HTTP Request: HEAD https://huggingface.co/api/resolve-cache/models/BAAI/bge-base-en-v1.5/a5beb1e3e68b9ab74eb54cfd186867f64f240e1a/special_tokens_map.json "HTTP/1.1 200 OK"
2026-07-27 23:12:38,839 | INFO | _client | HTTP Request: GET https://huggingface.co/api/resolve-cache/models/BAAI/bge-base-en-v1.5/a5beb1e3e68b9ab74eb54cfd186867f64f240e1a/special_tokens_map.json "HTTP/1.1 200 OK"
2026-07-27 23:12:39,103 | INFO | _client | HTTP Request: HEAD https://huggingface.co/BAAI/bge-base-en-v1.5/resolve/main/chat_template.jinja "HTTP/1.1 404 Not Found"
2026-07-27 23:12:39,513 | INFO | _client | HTTP Request: HEAD https://huggingface.co/BAAI/bge-base-en-v1.5/resolve/main/1_Pooling/config.json "HTTP/1.1 307 Temporary Redirect"
2026-07-27 23:12:39,563 | INFO | _client | HTTP Request: HEAD https://huggingface.co/api/resolve-cache/models/BAAI/bge-base-en-v1.5/a5beb1e3e68b9ab74eb54cfd186867f64f240e1a/1_Pooling%2Fconfig.json "HTTP/1.1 200 OK"
2026-07-27 23:12:39,610 | INFO | _client | HTTP Request: GET https://huggingface.co/api/resolve-cache/models/BAAI/bge-base-en-v1.5/a5beb1e3e68b9ab74eb54cfd186867f64f240e1a/1_Pooling%2Fconfig.json "HTTP/1.1 200 OK"
2026-07-27 23:12:39,906 | INFO | _client | HTTP Request: GET https://huggingface.co/api/models/BAAI/bge-base-en-v1.5 "HTTP/1.1 200 OK"
2026-07-27 23:12:41,418 | INFO | _client | HTTP Request: GET https://7a2e277f-2faf-4911-8a54-e503b38c233e.eu-west-2-0.aws.cloud.qdrant.io:6333/collections "HTTP/1.1 200 OK"
2026-07-27 23:12:41,430 | INFO | qdrant_service | Using existing collection: Joblens
2026-07-27 23:12:41,827 | INFO | _client | HTTP Request: PUT https://7a2e277f-2faf-4911-8a54-e503b38c233e.eu-west-2-0.aws.cloud.qdrant.io:6333/collections/Joblens/index?wait=true "HTTP/1.1 200 OK"
2026-07-27 23:12:42,035 | INFO | _client | HTTP Request: PUT https://7a2e277f-2faf-4911-8a54-e503b38c233e.eu-west-2-0.aws.cloud.qdrant.io:6333/collections/Joblens/index?wait=true "HTTP/1.1 200 OK"
2026-07-27 23:12:42,239 | INFO | _client | HTTP Request: PUT https://7a2e277f-2faf-4911-8a54-e503b38c233e.eu-west-2-0.aws.cloud.qdrant.io:6333/collections/Joblens/index?wait=true "HTTP/1.1 200 OK"
2026-07-27 23:12:42,444 | INFO | _client | HTTP Request: PUT https://7a2e277f-2faf-4911-8a54-e503b38c233e.eu-west-2-0.aws.cloud.qdrant.io:6333/collections/Joblens/index?wait=true "HTTP/1.1 200 OK"
2026-07-27 23:12:42,612 | INFO | _client | HTTP Request: GET https://7a2e277f-2faf-4911-8a54-e503b38c233e.eu-west-2-0.aws.cloud.qdrant.io:6333/collections/Joblens "HTTP/1.1 200 OK"
2026-07-27 23:12:43,644 | INFO | qdrant_service | QdrantService initialized using collection 'Joblens'
2026-07-27 23:15:34,107 | INFO | loader | PDF Loaded 2 pages from data/gen ai resume.pdf
2026-07-27 23:15:34,107 | INFO | chunker | Created 1 chunks
2026-07-27 23:15:34,107 | INFO | chunker | Created 2 chunks
2026-07-27 23:15:34,107 | INFO | chunker | Created 3 chunks
2026-07-27 23:15:34,107 | INFO | chunker | Created 4 chunks
2026-07-27 23:15:34,107 | INFO | chunker | Created 5 chunks
2026-07-27 23:15:34,107 | INFO | chunker | Created 6 chunks
2026-07-27 23:15:34,107 | INFO | chunker | Created 7 chunks
2026-07-27 23:15:34,107 | INFO | chunker | Created 8 chunks
2026-07-27 23:15:34,143 | INFO | model | No device provided, using mps
2026-07-27 23:15:34,780 | INFO | _client | HTTP Request: HEAD https://huggingface.co/BAAI/bge-base-en-v1.5/resolve/main/modules.json "HTTP/1.1 307 Temporary Redirect"
2026-07-27 23:15:34,781 | WARNING | _http | Warning: You are sending unauthenticated requests to the HF Hub. Please set a HF_TOKEN to enable higher rate limits and faster downloads.
2026-07-27 23:15:34,857 | INFO | _client | HTTP Request: HEAD https://huggingface.co/api/resolve-cache/models/BAAI/bge-base-en-v1.5/a5beb1e3e68b9ab74eb54cfd186867f64f240e1a/modules.json "HTTP/1.1 200 OK"
2026-07-27 23:15:34,989 | INFO | _client | HTTP Request: GET https://7a2e277f-2faf-4911-8a54-e503b38c233e.eu-west-2-0.aws.cloud.qdrant.io:6333 "HTTP/1.1 200 OK"
2026-07-27 23:15:35,195 | INFO | _client | HTTP Request: HEAD https://huggingface.co/BAAI/bge-base-en-v1.5/resolve/main/config_sentence_transformers.json "HTTP/1.1 307 Temporary Redirect"
2026-07-27 23:15:35,250 | INFO | _client | HTTP Request: HEAD https://huggingface.co/api/resolve-cache/models/BAAI/bge-base-en-v1.5/a5beb1e3e68b9ab74eb54cfd186867f64f240e1a/config_sentence_transformers.json "HTTP/1.1 200 OK"
2026-07-27 23:15:35,253 | INFO | model | Loading SentenceTransformer model from BAAI/bge-base-en-v1.5.
2026-07-27 23:15:35,699 | INFO | _client | HTTP Request: HEAD https://huggingface.co/BAAI/bge-base-en-v1.5/resolve/main/config_sentence_transformers.json "HTTP/1.1 307 Temporary Redirect"
2026-07-27 23:15:35,772 | INFO | _client | HTTP Request: HEAD https://huggingface.co/api/resolve-cache/models/BAAI/bge-base-en-v1.5/a5beb1e3e68b9ab74eb54cfd186867f64f240e1a/config_sentence_transformers.json "HTTP/1.1 200 OK"
2026-07-27 23:15:36,212 | INFO | _client | HTTP Request: HEAD https://huggingface.co/BAAI/bge-base-en-v1.5/resolve/main/README.md "HTTP/1.1 307 Temporary Redirect"
2026-07-27 23:15:36,295 | INFO | _client | HTTP Request: HEAD https://huggingface.co/api/resolve-cache/models/BAAI/bge-base-en-v1.5/a5beb1e3e68b9ab74eb54cfd186867f64f240e1a/README.md "HTTP/1.1 200 OK"
2026-07-27 23:15:36,723 | INFO | _client | HTTP Request: HEAD https://huggingface.co/BAAI/bge-base-en-v1.5/resolve/main/modules.json "HTTP/1.1 307 Temporary Redirect"
2026-07-27 23:15:36,806 | INFO | _client | HTTP Request: HEAD https://huggingface.co/api/resolve-cache/models/BAAI/bge-base-en-v1.5/a5beb1e3e68b9ab74eb54cfd186867f64f240e1a/modules.json "HTTP/1.1 200 OK"
2026-07-27 23:15:37,110 | INFO | _client | HTTP Request: HEAD https://huggingface.co/BAAI/bge-base-en-v1.5/resolve/main/sentence_bert_config.json "HTTP/1.1 307 Temporary Redirect"
2026-07-27 23:15:37,160 | INFO | _client | HTTP Request: HEAD https://huggingface.co/api/resolve-cache/models/BAAI/bge-base-en-v1.5/a5beb1e3e68b9ab74eb54cfd186867f64f240e1a/sentence_bert_config.json "HTTP/1.1 200 OK"
2026-07-27 23:15:37,428 | INFO | _client | HTTP Request: HEAD https://huggingface.co/BAAI/bge-base-en-v1.5/resolve/main/adapter_config.json "HTTP/1.1 404 Not Found"
2026-07-27 23:15:37,849 | INFO | _client | HTTP Request: HEAD https://huggingface.co/BAAI/bge-base-en-v1.5/resolve/main/config.json "HTTP/1.1 307 Temporary Redirect"
2026-07-27 23:15:37,907 | INFO | _client | HTTP Request: HEAD https://huggingface.co/api/resolve-cache/models/BAAI/bge-base-en-v1.5/a5beb1e3e68b9ab74eb54cfd186867f64f240e1a/config.json "HTTP/1.1 200 OK"
2026-07-27 23:15:38,390 | INFO | _client | HTTP Request: HEAD https://huggingface.co/BAAI/bge-base-en-v1.5/resolve/main/processor_config.json "HTTP/1.1 404 Not Found"
2026-07-27 23:15:38,771 | INFO | _client | HTTP Request: HEAD https://huggingface.co/BAAI/bge-base-en-v1.5/resolve/main/preprocessor_config.json "HTTP/1.1 404 Not Found"
2026-07-27 23:15:39,283 | INFO | _client | HTTP Request: HEAD https://huggingface.co/BAAI/bge-base-en-v1.5/resolve/main/video_preprocessor_config.json "HTTP/1.1 404 Not Found"
2026-07-27 23:15:39,692 | INFO | _client | HTTP Request: HEAD https://huggingface.co/BAAI/bge-base-en-v1.5/resolve/main/preprocessor_config.json "HTTP/1.1 404 Not Found"
2026-07-27 23:15:40,000 | INFO | _client | HTTP Request: HEAD https://huggingface.co/BAAI/bge-base-en-v1.5/resolve/main/tokenizer_config.json "HTTP/1.1 307 Temporary Redirect"
2026-07-27 23:15:40,040 | INFO | _client | HTTP Request: HEAD https://huggingface.co/api/resolve-cache/models/BAAI/bge-base-en-v1.5/a5beb1e3e68b9ab74eb54cfd186867f64f240e1a/tokenizer_config.json "HTTP/1.1 200 OK"
2026-07-27 23:15:40,512 | INFO | _client | HTTP Request: HEAD https://huggingface.co/BAAI/bge-base-en-v1.5/resolve/main/config.json "HTTP/1.1 307 Temporary Redirect"
2026-07-27 23:15:40,570 | INFO | _client | HTTP Request: HEAD https://huggingface.co/api/resolve-cache/models/BAAI/bge-base-en-v1.5/a5beb1e3e68b9ab74eb54cfd186867f64f240e1a/config.json "HTTP/1.1 200 OK"
2026-07-27 23:15:41,024 | INFO | _client | HTTP Request: HEAD https://huggingface.co/BAAI/bge-base-en-v1.5/resolve/main/config.json "HTTP/1.1 307 Temporary Redirect"
2026-07-27 23:15:41,086 | INFO | _client | HTTP Request: HEAD https://huggingface.co/api/resolve-cache/models/BAAI/bge-base-en-v1.5/a5beb1e3e68b9ab74eb54cfd186867f64f240e1a/config.json "HTTP/1.1 200 OK"
2026-07-27 23:15:41,536 | INFO | _client | HTTP Request: HEAD https://huggingface.co/BAAI/bge-base-en-v1.5/resolve/main/tokenizer_config.json "HTTP/1.1 307 Temporary Redirect"
2026-07-27 23:15:41,608 | INFO | _client | HTTP Request: HEAD https://huggingface.co/api/resolve-cache/models/BAAI/bge-base-en-v1.5/a5beb1e3e68b9ab74eb54cfd186867f64f240e1a/tokenizer_config.json "HTTP/1.1 200 OK"
2026-07-27 23:15:41,909 | INFO | _client | HTTP Request: GET https://huggingface.co/api/models/BAAI/bge-base-en-v1.5/tree/main/additional_chat_templates?recursive=false&expand=false "HTTP/1.1 404 Not Found"
2026-07-27 23:15:42,252 | INFO | _client | HTTP Request: GET https://huggingface.co/api/models/BAAI/bge-base-en-v1.5/tree/main?recursive=true&expand=false "HTTP/1.1 200 OK"
2026-07-27 23:15:42,764 | INFO | _client | HTTP Request: HEAD https://huggingface.co/BAAI/bge-base-en-v1.5/resolve/main/1_Pooling/config.json "HTTP/1.1 307 Temporary Redirect"
2026-07-27 23:15:42,845 | INFO | _client | HTTP Request: HEAD https://huggingface.co/api/resolve-cache/models/BAAI/bge-base-en-v1.5/a5beb1e3e68b9ab74eb54cfd186867f64f240e1a/1_Pooling%2Fconfig.json "HTTP/1.1 200 OK"
2026-07-27 23:15:43,277 | INFO | _client | HTTP Request: GET https://huggingface.co/api/models/BAAI/bge-base-en-v1.5 "HTTP/1.1 200 OK"
2026-07-27 23:15:45,018 | INFO | _client | HTTP Request: GET https://7a2e277f-2faf-4911-8a54-e503b38c233e.eu-west-2-0.aws.cloud.qdrant.io:6333/collections "HTTP/1.1 200 OK"
2026-07-27 23:15:45,027 | INFO | qdrant_service | Using existing collection: Joblens
2026-07-27 23:15:45,325 | INFO | _client | HTTP Request: PUT https://7a2e277f-2faf-4911-8a54-e503b38c233e.eu-west-2-0.aws.cloud.qdrant.io:6333/collections/Joblens/index?wait=true "HTTP/1.1 200 OK"
2026-07-27 23:15:45,633 | INFO | _client | HTTP Request: PUT https://7a2e277f-2faf-4911-8a54-e503b38c233e.eu-west-2-0.aws.cloud.qdrant.io:6333/collections/Joblens/index?wait=true "HTTP/1.1 200 OK"
2026-07-27 23:15:45,911 | INFO | _client | HTTP Request: PUT https://7a2e277f-2faf-4911-8a54-e503b38c233e.eu-west-2-0.aws.cloud.qdrant.io:6333/collections/Joblens/index?wait=true "HTTP/1.1 200 OK"
2026-07-27 23:15:46,245 | INFO | _client | HTTP Request: PUT https://7a2e277f-2faf-4911-8a54-e503b38c233e.eu-west-2-0.aws.cloud.qdrant.io:6333/collections/Joblens/index?wait=true "HTTP/1.1 200 OK"
2026-07-27 23:15:46,655 | INFO | _client | HTTP Request: GET https://7a2e277f-2faf-4911-8a54-e503b38c233e.eu-west-2-0.aws.cloud.qdrant.io:6333/collections/Joblens "HTTP/1.1 200 OK"
2026-07-27 23:15:46,938 | INFO | qdrant_service | QdrantService initialized using collection 'Joblens'
2026-07-27 23:16:39,014 | INFO | loader | PDF Loaded 2 pages from data/gen ai resume.pdf
2026-07-27 23:16:39,014 | INFO | chunker | Created 1 chunks
2026-07-27 23:16:39,014 | INFO | chunker | Created 2 chunks
2026-07-27 23:16:39,014 | INFO | chunker | Created 3 chunks
2026-07-27 23:16:39,015 | INFO | chunker | Created 4 chunks
2026-07-27 23:16:39,015 | INFO | chunker | Created 5 chunks
2026-07-27 23:16:39,015 | INFO | chunker | Created 6 chunks
2026-07-27 23:16:39,015 | INFO | chunker | Created 7 chunks
2026-07-27 23:16:39,015 | INFO | chunker | Created 8 chunks
2026-07-27 23:16:39,045 | INFO | model | No device provided, using mps
2026-07-27 23:16:39,699 | INFO | _client | HTTP Request: HEAD https://huggingface.co/BAAI/bge-base-en-v1.5/resolve/main/modules.json "HTTP/1.1 307 Temporary Redirect"
2026-07-27 23:16:39,764 | INFO | _client | HTTP Request: HEAD https://huggingface.co/api/resolve-cache/models/BAAI/bge-base-en-v1.5/a5beb1e3e68b9ab74eb54cfd186867f64f240e1a/modules.json "HTTP/1.1 200 OK"
2026-07-27 23:16:40,020 | INFO | _client | HTTP Request: HEAD https://huggingface.co/BAAI/bge-base-en-v1.5/resolve/main/config_sentence_transformers.json "HTTP/1.1 307 Temporary Redirect"
2026-07-27 23:16:40,021 | WARNING | _http | Warning: You are sending unauthenticated requests to the HF Hub. Please set a HF_TOKEN to enable higher rate limits and faster downloads.
2026-07-27 23:16:40,077 | INFO | _client | HTTP Request: HEAD https://huggingface.co/api/resolve-cache/models/BAAI/bge-base-en-v1.5/a5beb1e3e68b9ab74eb54cfd186867f64f240e1a/config_sentence_transformers.json "HTTP/1.1 200 OK"
2026-07-27 23:16:40,081 | INFO | model | Loading SentenceTransformer model from BAAI/bge-base-en-v1.5.
2026-07-27 23:16:40,389 | INFO | _client | HTTP Request: HEAD https://huggingface.co/BAAI/bge-base-en-v1.5/resolve/main/config_sentence_transformers.json "HTTP/1.1 307 Temporary Redirect"
2026-07-27 23:16:40,442 | INFO | _client | HTTP Request: HEAD https://huggingface.co/api/resolve-cache/models/BAAI/bge-base-en-v1.5/a5beb1e3e68b9ab74eb54cfd186867f64f240e1a/config_sentence_transformers.json "HTTP/1.1 200 OK"
2026-07-27 23:16:40,554 | INFO | _client | HTTP Request: GET https://7a2e277f-2faf-4911-8a54-e503b38c233e.eu-west-2-0.aws.cloud.qdrant.io:6333 "HTTP/1.1 200 OK"
2026-07-27 23:16:40,826 | INFO | _client | HTTP Request: HEAD https://huggingface.co/BAAI/bge-base-en-v1.5/resolve/main/README.md "HTTP/1.1 307 Temporary Redirect"
2026-07-27 23:16:40,880 | INFO | _client | HTTP Request: HEAD https://huggingface.co/api/resolve-cache/models/BAAI/bge-base-en-v1.5/a5beb1e3e68b9ab74eb54cfd186867f64f240e1a/README.md "HTTP/1.1 200 OK"
2026-07-27 23:16:41,338 | INFO | _client | HTTP Request: HEAD https://huggingface.co/BAAI/bge-base-en-v1.5/resolve/main/modules.json "HTTP/1.1 307 Temporary Redirect"
2026-07-27 23:16:41,404 | INFO | _client | HTTP Request: HEAD https://huggingface.co/api/resolve-cache/models/BAAI/bge-base-en-v1.5/a5beb1e3e68b9ab74eb54cfd186867f64f240e1a/modules.json "HTTP/1.1 200 OK"
2026-07-27 23:16:41,851 | INFO | _client | HTTP Request: HEAD https://huggingface.co/BAAI/bge-base-en-v1.5/resolve/main/sentence_bert_config.json "HTTP/1.1 307 Temporary Redirect"
2026-07-27 23:16:41,918 | INFO | _client | HTTP Request: HEAD https://huggingface.co/api/resolve-cache/models/BAAI/bge-base-en-v1.5/a5beb1e3e68b9ab74eb54cfd186867f64f240e1a/sentence_bert_config.json "HTTP/1.1 200 OK"
2026-07-27 23:16:42,269 | INFO | _client | HTTP Request: HEAD https://huggingface.co/BAAI/bge-base-en-v1.5/resolve/main/adapter_config.json "HTTP/1.1 404 Not Found"
2026-07-27 23:16:42,566 | INFO | _client | HTTP Request: HEAD https://huggingface.co/BAAI/bge-base-en-v1.5/resolve/main/config.json "HTTP/1.1 307 Temporary Redirect"
2026-07-27 23:16:42,640 | INFO | _client | HTTP Request: HEAD https://huggingface.co/api/resolve-cache/models/BAAI/bge-base-en-v1.5/a5beb1e3e68b9ab74eb54cfd186867f64f240e1a/config.json "HTTP/1.1 200 OK"
2026-07-27 23:16:43,190 | INFO | _client | HTTP Request: HEAD https://huggingface.co/BAAI/bge-base-en-v1.5/resolve/main/processor_config.json "HTTP/1.1 404 Not Found"
2026-07-27 23:16:43,540 | INFO | _client | HTTP Request: HEAD https://huggingface.co/BAAI/bge-base-en-v1.5/resolve/main/preprocessor_config.json "HTTP/1.1 404 Not Found"
2026-07-27 23:16:43,837 | INFO | _client | HTTP Request: HEAD https://huggingface.co/BAAI/bge-base-en-v1.5/resolve/main/video_preprocessor_config.json "HTTP/1.1 404 Not Found"
2026-07-27 23:16:44,107 | INFO | _client | HTTP Request: HEAD https://huggingface.co/BAAI/bge-base-en-v1.5/resolve/main/preprocessor_config.json "HTTP/1.1 404 Not Found"
2026-07-27 23:16:44,381 | INFO | _client | HTTP Request: HEAD https://huggingface.co/BAAI/bge-base-en-v1.5/resolve/main/tokenizer_config.json "HTTP/1.1 307 Temporary Redirect"
2026-07-27 23:16:44,443 | INFO | _client | HTTP Request: HEAD https://huggingface.co/api/resolve-cache/models/BAAI/bge-base-en-v1.5/a5beb1e3e68b9ab74eb54cfd186867f64f240e1a/tokenizer_config.json "HTTP/1.1 200 OK"
2026-07-27 23:16:44,739 | INFO | _client | HTTP Request: HEAD https://huggingface.co/BAAI/bge-base-en-v1.5/resolve/main/config.json "HTTP/1.1 307 Temporary Redirect"
2026-07-27 23:16:44,804 | INFO | _client | HTTP Request: HEAD https://huggingface.co/api/resolve-cache/models/BAAI/bge-base-en-v1.5/a5beb1e3e68b9ab74eb54cfd186867f64f240e1a/config.json "HTTP/1.1 200 OK"
2026-07-27 23:16:45,108 | INFO | _client | HTTP Request: HEAD https://huggingface.co/BAAI/bge-base-en-v1.5/resolve/main/config.json "HTTP/1.1 307 Temporary Redirect"
2026-07-27 23:16:45,173 | INFO | _client | HTTP Request: HEAD https://huggingface.co/api/resolve-cache/models/BAAI/bge-base-en-v1.5/a5beb1e3e68b9ab74eb54cfd186867f64f240e1a/config.json "HTTP/1.1 200 OK"
2026-07-27 23:16:45,463 | INFO | _client | HTTP Request: HEAD https://huggingface.co/BAAI/bge-base-en-v1.5/resolve/main/tokenizer_config.json "HTTP/1.1 307 Temporary Redirect"
2026-07-27 23:16:45,516 | INFO | _client | HTTP Request: HEAD https://huggingface.co/api/resolve-cache/models/BAAI/bge-base-en-v1.5/a5beb1e3e68b9ab74eb54cfd186867f64f240e1a/tokenizer_config.json "HTTP/1.1 200 OK"
2026-07-27 23:16:45,945 | INFO | _client | HTTP Request: GET https://huggingface.co/api/models/BAAI/bge-base-en-v1.5/tree/main/additional_chat_templates?recursive=false&expand=false "HTTP/1.1 404 Not Found"
2026-07-27 23:16:46,252 | INFO | _client | HTTP Request: GET https://huggingface.co/api/models/BAAI/bge-base-en-v1.5/tree/main?recursive=true&expand=false "HTTP/1.1 200 OK"
2026-07-27 23:16:46,764 | INFO | _client | HTTP Request: HEAD https://huggingface.co/BAAI/bge-base-en-v1.5/resolve/main/1_Pooling/config.json "HTTP/1.1 307 Temporary Redirect"
2026-07-27 23:16:46,837 | INFO | _client | HTTP Request: HEAD https://huggingface.co/api/resolve-cache/models/BAAI/bge-base-en-v1.5/a5beb1e3e68b9ab74eb54cfd186867f64f240e1a/1_Pooling%2Fconfig.json "HTTP/1.1 200 OK"
2026-07-27 23:16:47,276 | INFO | _client | HTTP Request: GET https://huggingface.co/api/models/BAAI/bge-base-en-v1.5 "HTTP/1.1 200 OK"
2026-07-27 23:16:49,017 | INFO | _client | HTTP Request: GET https://7a2e277f-2faf-4911-8a54-e503b38c233e.eu-west-2-0.aws.cloud.qdrant.io:6333/collections "HTTP/1.1 200 OK"
2026-07-27 23:16:49,021 | INFO | qdrant_service | Using existing collection: Joblens
2026-07-27 23:16:49,268 | INFO | _client | HTTP Request: PUT https://7a2e277f-2faf-4911-8a54-e503b38c233e.eu-west-2-0.aws.cloud.qdrant.io:6333/collections/Joblens/index?wait=true "HTTP/1.1 200 OK"
2026-07-27 23:16:49,632 | INFO | _client | HTTP Request: PUT https://7a2e277f-2faf-4911-8a54-e503b38c233e.eu-west-2-0.aws.cloud.qdrant.io:6333/collections/Joblens/index?wait=true "HTTP/1.1 200 OK"
2026-07-27 23:16:49,857 | INFO | _client | HTTP Request: PUT https://7a2e277f-2faf-4911-8a54-e503b38c233e.eu-west-2-0.aws.cloud.qdrant.io:6333/collections/Joblens/index?wait=true "HTTP/1.1 200 OK"
2026-07-27 23:16:50,070 | INFO | _client | HTTP Request: PUT https://7a2e277f-2faf-4911-8a54-e503b38c233e.eu-west-2-0.aws.cloud.qdrant.io:6333/collections/Joblens/index?wait=true "HTTP/1.1 200 OK"
2026-07-27 23:16:50,260 | INFO | _client | HTTP Request: GET https://7a2e277f-2faf-4911-8a54-e503b38c233e.eu-west-2-0.aws.cloud.qdrant.io:6333/collections/Joblens "HTTP/1.1 200 OK"
2026-07-27 23:16:50,675 | INFO | qdrant_service | QdrantService initialized using collection 'Joblens'
2026-07-27 23:16:50,716 | INFO | loader | PDF Loaded 2 pages from data/gen ai resume.pdf
2026-07-27 23:16:50,716 | INFO | chunker | Created 1 chunks
2026-07-27 23:16:50,716 | INFO | chunker | Created 2 chunks
2026-07-27 23:16:50,716 | INFO | chunker | Created 3 chunks
2026-07-27 23:16:50,716 | INFO | chunker | Created 4 chunks
2026-07-27 23:16:50,716 | INFO | chunker | Created 5 chunks
2026-07-27 23:16:50,716 | INFO | chunker | Created 6 chunks
2026-07-27 23:16:50,716 | INFO | chunker | Created 7 chunks
2026-07-27 23:16:50,716 | INFO | chunker | Created 8 chunks
2026-07-27 23:16:53,219 | INFO | _client | HTTP Request: PUT https://7a2e277f-2faf-4911-8a54-e503b38c233e.eu-west-2-0.aws.cloud.qdrant.io:6333/collections/Joblens/points?wait=true "HTTP/1.1 200 OK"
2026-07-27 23:16:53,221 | INFO | qdrant_service | Indexed 8 chunks for 'My Resume'
