2026-09-05 13:56:37,265 | INFO | career_agent_graph | Career agent compiled: routing + memory + self-correction
2026-09-05 13:56:37,266 | WARNING | langsmith_setup | LANGCHAIN_API_KEY not set — LangSmith tracing disabled
2026-09-05 13:57:09,556 | INFO | career_agent_graph | Career agent compiled: routing + memory + self-correction
2026-09-05 13:57:09,557 | WARNING | langsmith_setup | LANGCHAIN_API_KEY not set — LangSmith tracing disabled
2026-09-05 13:57:42,693 | INFO | career_agent_graph | Career agent compiled: routing + memory + self-correction
2026-09-05 13:57:42,694 | WARNING | langsmith_setup | LANGCHAIN_API_KEY not set — LangSmith tracing disabled
2026-09-05 14:07:04,659 | INFO | career_agent_graph | Career agent compiled: routing + memory + self-correction
2026-09-05 14:07:04,660 | WARNING | langsmith_setup | LANGCHAIN_API_KEY not set — LangSmith tracing disabled
2026-09-05 14:08:35,736 | INFO | model | No device provided, using mps
2026-09-05 14:08:36,148 | INFO | _client | HTTP Request: HEAD https://huggingface.co/BAAI/bge-base-en-v1.5/resolve/main/modules.json "HTTP/1.1 307 Temporary Redirect"
2026-09-05 14:08:36,175 | INFO | _client | HTTP Request: HEAD https://huggingface.co/api/resolve-cache/models/BAAI/bge-base-en-v1.5/a5beb1e3e68b9ab74eb54cfd186867f64f240e1a/modules.json "HTTP/1.1 200 OK"
2026-09-05 14:08:36,269 | INFO | _client | HTTP Request: GET https://7a2e277f-2faf-4911-8a54-e503b38c233e.eu-west-2-0.aws.cloud.qdrant.io:6333 "HTTP/1.1 200 OK"
2026-09-05 14:08:36,425 | INFO | _client | HTTP Request: HEAD https://huggingface.co/BAAI/bge-base-en-v1.5/resolve/main/config_sentence_transformers.json "HTTP/1.1 307 Temporary Redirect"
2026-09-05 14:08:36,427 | WARNING | _http | Warning: You are sending unauthenticated requests to the HF Hub. Please set a HF_TOKEN to enable higher rate limits and faster downloads.
2026-09-05 14:08:36,468 | INFO | _client | HTTP Request: HEAD https://huggingface.co/api/resolve-cache/models/BAAI/bge-base-en-v1.5/a5beb1e3e68b9ab74eb54cfd186867f64f240e1a/config_sentence_transformers.json "HTTP/1.1 200 OK"
2026-09-05 14:08:36,470 | INFO | model | Loading SentenceTransformer model from BAAI/bge-base-en-v1.5.
2026-09-05 14:08:36,745 | INFO | _client | HTTP Request: HEAD https://huggingface.co/BAAI/bge-base-en-v1.5/resolve/main/config_sentence_transformers.json "HTTP/1.1 307 Temporary Redirect"
2026-09-05 14:08:36,776 | INFO | _client | HTTP Request: HEAD https://huggingface.co/api/resolve-cache/models/BAAI/bge-base-en-v1.5/a5beb1e3e68b9ab74eb54cfd186867f64f240e1a/config_sentence_transformers.json "HTTP/1.1 200 OK"
2026-09-05 14:08:37,113 | INFO | _client | HTTP Request: HEAD https://huggingface.co/BAAI/bge-base-en-v1.5/resolve/main/README.md "HTTP/1.1 307 Temporary Redirect"
2026-09-05 14:08:37,175 | INFO | _client | HTTP Request: HEAD https://huggingface.co/api/resolve-cache/models/BAAI/bge-base-en-v1.5/a5beb1e3e68b9ab74eb54cfd186867f64f240e1a/README.md "HTTP/1.1 200 OK"
2026-09-05 14:08:37,524 | INFO | _client | HTTP Request: HEAD https://huggingface.co/BAAI/bge-base-en-v1.5/resolve/main/modules.json "HTTP/1.1 307 Temporary Redirect"
2026-09-05 14:08:37,564 | INFO | _client | HTTP Request: HEAD https://huggingface.co/api/resolve-cache/models/BAAI/bge-base-en-v1.5/a5beb1e3e68b9ab74eb54cfd186867f64f240e1a/modules.json "HTTP/1.1 200 OK"
2026-09-05 14:08:37,861 | INFO | _client | HTTP Request: HEAD https://huggingface.co/BAAI/bge-base-en-v1.5/resolve/main/sentence_bert_config.json "HTTP/1.1 307 Temporary Redirect"
2026-09-05 14:08:37,888 | INFO | _client | HTTP Request: HEAD https://huggingface.co/api/resolve-cache/models/BAAI/bge-base-en-v1.5/a5beb1e3e68b9ab74eb54cfd186867f64f240e1a/sentence_bert_config.json "HTTP/1.1 200 OK"
2026-09-05 14:08:38,343 | INFO | _client | HTTP Request: HEAD https://huggingface.co/BAAI/bge-base-en-v1.5/resolve/main/adapter_config.json "HTTP/1.1 404 Not Found"
2026-09-05 14:08:38,649 | INFO | _client | HTTP Request: HEAD https://huggingface.co/BAAI/bge-base-en-v1.5/resolve/main/config.json "HTTP/1.1 307 Temporary Redirect"
2026-09-05 14:08:38,677 | INFO | _client | HTTP Request: HEAD https://huggingface.co/api/resolve-cache/models/BAAI/bge-base-en-v1.5/a5beb1e3e68b9ab74eb54cfd186867f64f240e1a/config.json "HTTP/1.1 200 OK"
2026-09-05 14:08:39,107 | INFO | _client | HTTP Request: HEAD https://huggingface.co/BAAI/bge-base-en-v1.5/resolve/main/processor_config.json "HTTP/1.1 404 Not Found"
2026-09-05 14:08:39,356 | INFO | _client | HTTP Request: HEAD https://huggingface.co/BAAI/bge-base-en-v1.5/resolve/main/preprocessor_config.json "HTTP/1.1 404 Not Found"
2026-09-05 14:08:39,674 | INFO | _client | HTTP Request: HEAD https://huggingface.co/BAAI/bge-base-en-v1.5/resolve/main/video_preprocessor_config.json "HTTP/1.1 404 Not Found"
2026-09-05 14:08:39,916 | INFO | _client | HTTP Request: HEAD https://huggingface.co/BAAI/bge-base-en-v1.5/resolve/main/preprocessor_config.json "HTTP/1.1 404 Not Found"
2026-09-05 14:08:40,186 | INFO | _client | HTTP Request: HEAD https://huggingface.co/BAAI/bge-base-en-v1.5/resolve/main/tokenizer_config.json "HTTP/1.1 307 Temporary Redirect"
2026-09-05 14:08:40,213 | INFO | _client | HTTP Request: HEAD https://huggingface.co/api/resolve-cache/models/BAAI/bge-base-en-v1.5/a5beb1e3e68b9ab74eb54cfd186867f64f240e1a/tokenizer_config.json "HTTP/1.1 200 OK"
2026-09-05 14:08:40,594 | INFO | _client | HTTP Request: HEAD https://huggingface.co/BAAI/bge-base-en-v1.5/resolve/main/config.json "HTTP/1.1 307 Temporary Redirect"
2026-09-05 14:08:40,622 | INFO | _client | HTTP Request: HEAD https://huggingface.co/api/resolve-cache/models/BAAI/bge-base-en-v1.5/a5beb1e3e68b9ab74eb54cfd186867f64f240e1a/config.json "HTTP/1.1 200 OK"
2026-09-05 14:08:40,865 | INFO | _client | HTTP Request: HEAD https://huggingface.co/BAAI/bge-base-en-v1.5/resolve/main/config.json "HTTP/1.1 307 Temporary Redirect"
2026-09-05 14:08:40,891 | INFO | _client | HTTP Request: HEAD https://huggingface.co/api/resolve-cache/models/BAAI/bge-base-en-v1.5/a5beb1e3e68b9ab74eb54cfd186867f64f240e1a/config.json "HTTP/1.1 200 OK"
2026-09-05 14:08:41,130 | INFO | _client | HTTP Request: HEAD https://huggingface.co/BAAI/bge-base-en-v1.5/resolve/main/tokenizer_config.json "HTTP/1.1 307 Temporary Redirect"
2026-09-05 14:08:41,156 | INFO | _client | HTTP Request: HEAD https://huggingface.co/api/resolve-cache/models/BAAI/bge-base-en-v1.5/a5beb1e3e68b9ab74eb54cfd186867f64f240e1a/tokenizer_config.json "HTTP/1.1 200 OK"
2026-09-05 14:08:41,427 | INFO | _client | HTTP Request: GET https://huggingface.co/api/models/BAAI/bge-base-en-v1.5/tree/main/additional_chat_templates?recursive=false&expand=false "HTTP/1.1 404 Not Found"
2026-09-05 14:08:41,710 | INFO | _client | HTTP Request: GET https://huggingface.co/api/models/BAAI/bge-base-en-v1.5/tree/main?recursive=true&expand=false "HTTP/1.1 200 OK"
2026-09-05 14:08:42,028 | INFO | _client | HTTP Request: HEAD https://huggingface.co/BAAI/bge-base-en-v1.5/resolve/main/1_Pooling/config.json "HTTP/1.1 307 Temporary Redirect"
2026-09-05 14:08:42,053 | INFO | _client | HTTP Request: HEAD https://huggingface.co/api/resolve-cache/models/BAAI/bge-base-en-v1.5/a5beb1e3e68b9ab74eb54cfd186867f64f240e1a/1_Pooling%2Fconfig.json "HTTP/1.1 200 OK"
2026-09-05 14:08:42,304 | INFO | _client | HTTP Request: GET https://huggingface.co/api/models/BAAI/bge-base-en-v1.5 "HTTP/1.1 200 OK"
2026-09-05 14:08:43,984 | INFO | _client | HTTP Request: GET https://7a2e277f-2faf-4911-8a54-e503b38c233e.eu-west-2-0.aws.cloud.qdrant.io:6333/collections "HTTP/1.1 200 OK"
2026-09-05 14:08:43,997 | INFO | qdrant_service | Using existing collection: Joblens
2026-09-05 14:08:44,186 | INFO | _client | HTTP Request: PUT https://7a2e277f-2faf-4911-8a54-e503b38c233e.eu-west-2-0.aws.cloud.qdrant.io:6333/collections/Joblens/index?wait=true "HTTP/1.1 200 OK"
2026-09-05 14:08:44,377 | INFO | _client | HTTP Request: PUT https://7a2e277f-2faf-4911-8a54-e503b38c233e.eu-west-2-0.aws.cloud.qdrant.io:6333/collections/Joblens/index?wait=true "HTTP/1.1 200 OK"
2026-09-05 14:08:44,566 | INFO | _client | HTTP Request: PUT https://7a2e277f-2faf-4911-8a54-e503b38c233e.eu-west-2-0.aws.cloud.qdrant.io:6333/collections/Joblens/index?wait=true "HTTP/1.1 200 OK"
2026-09-05 14:08:44,758 | INFO | _client | HTTP Request: PUT https://7a2e277f-2faf-4911-8a54-e503b38c233e.eu-west-2-0.aws.cloud.qdrant.io:6333/collections/Joblens/index?wait=true "HTTP/1.1 200 OK"
2026-09-05 14:08:44,927 | INFO | _client | HTTP Request: GET https://7a2e277f-2faf-4911-8a54-e503b38c233e.eu-west-2-0.aws.cloud.qdrant.io:6333/collections/Joblens "HTTP/1.1 200 OK"
2026-09-05 14:08:47,377 | INFO | qdrant_service | QdrantService initialized using collection 'Joblens'
2026-09-05 14:08:47,918 | INFO | _client | HTTP Request: GET https://7a2e277f-2faf-4911-8a54-e503b38c233e.eu-west-2-0.aws.cloud.qdrant.io:6333 "HTTP/1.1 200 OK"
2026-09-05 14:08:48,923 | INFO | _client | HTTP Request: GET https://7a2e277f-2faf-4911-8a54-e503b38c233e.eu-west-2-0.aws.cloud.qdrant.io:6333/collections "HTTP/1.1 200 OK"
2026-09-05 14:08:48,925 | INFO | qdrant_service | Using existing collection: Joblens
2026-09-05 14:08:49,119 | INFO | _client | HTTP Request: PUT https://7a2e277f-2faf-4911-8a54-e503b38c233e.eu-west-2-0.aws.cloud.qdrant.io:6333/collections/Joblens/index?wait=true "HTTP/1.1 200 OK"
2026-09-05 14:08:49,322 | INFO | _client | HTTP Request: PUT https://7a2e277f-2faf-4911-8a54-e503b38c233e.eu-west-2-0.aws.cloud.qdrant.io:6333/collections/Joblens/index?wait=true "HTTP/1.1 200 OK"
2026-09-05 14:08:49,512 | INFO | _client | HTTP Request: PUT https://7a2e277f-2faf-4911-8a54-e503b38c233e.eu-west-2-0.aws.cloud.qdrant.io:6333/collections/Joblens/index?wait=true "HTTP/1.1 200 OK"
2026-09-05 14:08:49,704 | INFO | _client | HTTP Request: PUT https://7a2e277f-2faf-4911-8a54-e503b38c233e.eu-west-2-0.aws.cloud.qdrant.io:6333/collections/Joblens/index?wait=true "HTTP/1.1 200 OK"
2026-09-05 14:08:49,863 | INFO | _client | HTTP Request: GET https://7a2e277f-2faf-4911-8a54-e503b38c233e.eu-west-2-0.aws.cloud.qdrant.io:6333/collections/Joblens "HTTP/1.1 200 OK"
2026-09-05 14:08:49,932 | INFO | qdrant_service | QdrantService initialized using collection 'Joblens'
2026-09-05 14:08:50,184 | INFO | rag_service | RAG Service initialized
2026-09-05 14:08:50,184 | INFO | career_service | CareerService initialized
2026-09-05 14:08:50,738 | INFO | _client | HTTP Request: POST https://7a2e277f-2faf-4911-8a54-e503b38c233e.eu-west-2-0.aws.cloud.qdrant.io:6333/collections/Joblens/points/scroll "HTTP/1.1 200 OK"
2026-09-05 14:08:51,734 | INFO | _client | HTTP Request: GET https://7a2e277f-2faf-4911-8a54-e503b38c233e.eu-west-2-0.aws.cloud.qdrant.io:6333 "HTTP/1.1 200 OK"
